WARNING 20230810-usa-evd-a-d.standard.pdf failed to load: Non-Ascii85 digit found: ò
  20220406-usa-evd-a-d.standard.pdf             EVD 2022-04-06  +8r 67e
  20220407-usa-evd-a-d.standard.pdf             EVD 2022-04-07  +8r 64e
  20220408-usa-evd-a-d.standard.pdf             EVD 2022-04-08  +9r 75e
  20220409-usa-evd-a-d.standard.pdf             EVD 2022-04-09  +9r 67e
  20220413-usa-evd-a-d.standard.pdf             EVD 2022-04-13  +8r 65e
  20220414-usa-evd-a-d.standard.pdf             EVD 2022-04-14  +8r 67e
  20220415-usa-evd-a-d.standard.pdf             EVD 2022-04-15  +9r 67e
  20220416-usa-evd-a-d.standard.pdf             EVD 2022-04-16  +9r 76e
  20220420-usa-evd-a-d.standard.pdf             EVD 2022-04-20  +8r 55e
  20220421-usa-evd-a-d.standard.pdf             EVD 2022-04-21  +8r 55e
  20220422-usa-evd-a-d.standard.pdf             EVD 2022-04-22  +9r 65e
  20220423-usa-evd-a-d.standard.pdf             EVD 2022-04-23  +9r 57e
  20220427-usa-evd-a-d.standard.pdf             EVD 2022-04-27  +8r 61e
  20220428-usa-evd-a-d.standard.pdf             EVD 2022-04-28  +8r 58e
  20220429-usa-evd-a-d.standard.pdf             EVD 2022-04-29  +9r 58e
  20220430-usa-evd-a-d.standard.pdf             EVD 2022-04-30  +9r 59e
  20220504-usa-evd-a-d.standard.pdf             EVD 2022-05-04  +8r 56e
  20220505-usa-evd-a-d.standard.pdf             EVD 2022-05-05  +8r 53e
  20220506-usa-evd-a-d.standard.pdf             EVD 2022-05-06  +9r 57e
  20220507-usa-evd-a-d.standard.pdf             EVD 2022-05-07  +9r 65e
  20220511-usa-evd-a-d.standard.pdf             EVD 2022-05-11  +8r 52e
  20220512-usa-evd-a-d.standard.pdf             EVD 2022-05-12  +8r 64e
  20220513-usa-evd-a-d.standard.pdf             EVD 2022-05-13  +9r 67e
  20220514-usa-evd-a-d.standard.pdf             EVD 2022-05-14  +9r 64e
  20220518-usa-evd-a-d.standard.pdf             EVD 2022-05-18  +8r 48e
  20220519-usa-evd-a-d.standard.pdf             EVD 2022-05-19  +8r 56e
  20220520-usa-evd-a-d.standard.pdf             EVD 2022-05-20  +9r 57e
  20220521-usa-evd-a-d.standard.pdf             EVD 2022-05-21  +9r 55e
  20220525-usa-evd-a-d.standard.pdf             EVD 2022-05-25  +8r 50e
  20220526-usa-evd-a-d.standard.pdf             EVD 2022-05-26  +8r 56e
  20220527-usa-evd-a-d.standard.pdf             EVD 2022-05-27  +9r 62e
  20220528-usa-evd-a-d.standard.pdf             EVD 2022-05-28  +9r 54e
  20220601-usa-evd-a-d.standard.pdf             EVD 2022-06-01  +8r 54e
  20220602-usa-evd-a-d.standard.pdf             EVD 2022-06-02  +8r 53e
  20220603-usa-evd-a-d.standard.pdf             EVD 2022-06-03  +9r 69e
  20220604-usa-evd-a-d.standard.pdf             EVD 2022-06-04  +9r 70e
  20220608-usa-evd-a-d.standard.pdf             EVD 2022-06-08  +8r 53e
  20220609-usa-evd-a-d.standard.pdf             EVD 2022-06-09  +8r 50e
  20220610-usa-evd-a-d.standard.pdf             EVD 2022-06-10  +9r 67e
  20220611-usa-evd-a-d.standard.pdf             EVD 2022-06-11  +9r 73e
  20220615-usa-evd-a-d.standard.pdf             EVD 2022-06-15  +8r 58e
  20220616-usa-evd-a-d.standard.pdf             EVD 2022-06-16  +8r 55e
  20220617-usa-evd-a-d.standard.pdf             EVD 2022-06-17  +8r 55e
  20220618-usa-evd-a-d.standard.pdf             EVD 2022-06-18  +8r 54e
  20220622-usa-evd-a-d.standard.pdf             EVD 2022-06-22  +8r 54e
  20220623-usa-evd-a-d.standard.pdf             EVD 2022-06-23  +8r 54e
  20220624-usa-evd-a-d.standard.pdf             EVD 2022-06-24  +8r 57e
  20220625-usa-evd-a-d.standard.pdf             EVD 2022-06-25  +8r 49e
  20220629-usa-evd-a-d.standard.pdf             EVD 2022-06-29  +8r 53e
  20220630-usa-evd-a-d.standard.pdf             EVD 2022-06-30  +8r 62e
  20220701-usa-evd-a-d.standard.pdf             EVD 2022-07-01  +8r 53e
  20220702-usa-evd-a-d.standard.pdf             EVD 2022-07-02  +8r 50e
  20220706-usa-evd-a-d.standard.pdf             EVD 2022-07-06  +8r 59e
  20220707-usa-evd-a-d.standard.pdf             EVD 2022-07-07  +8r 43e
  20220708-usa-evd-a-d.standard.pdf             EVD 2022-07-08  +8r 48e
  20220709-usa-evd-a-d.standard.pdf             EVD 2022-07-09  +8r 55e
  20220713-usa-evd-a-d.standard.pdf             EVD 2022-07-13  +8r 52e
  20220714-usa-evd-a-d.standard.pdf             EVD 2022-07-14  +8r 19e
  20220715-usa-evd-a-d.standard.pdf             EVD 2022-07-15  +8r 49e
  20220716-usa-evd-a-d.standard.pdf             EVD 2022-07-16  +8r 53e
  20220720-usa-evd-a-d.standard.pdf             EVD 2022-07-20  +8r 52e
  20220721-usa-evd-a-d.standard.pdf             EVD 2022-07-21  +8r 44e
  20220722-usa-evd-a-d.standard.pdf             EVD 2022-07-22  +8r 45e
  20220723-usa-evd-a-d.standard.pdf             EVD 2022-07-23  +8r 54e
  20220727-usa-evd-a-d.standard.pdf             EVD 2022-07-27  +8r 52e
  20220728-usa-evd-a-d.standard.pdf             EVD 2022-07-28  +8r 52e
  20220729-usa-evd-a-d.standard.pdf             EVD 2022-07-29  +8r 53e
  20220730-usa-evd-a-d.standard.pdf             EVD 2022-07-30  +8r 53e
  20220803-usa-evd-a-d.standard.pdf             EVD 2022-08-03  +8r 45e
  20220804-usa-evd-a-d.standard.pdf             EVD 2022-08-04  +8r 49e
  20220805-usa-evd-a-d.standard.pdf             EVD 2022-08-05  +8r 47e
  20220806-usa-evd-a-d.standard.pdf             EVD 2022-08-06  +7r 45e
  20220810-usa-evd-a-d.standard.pdf             EVD 2022-08-10  +8r 52e
  20220811-usa-evd-a-d.standard.pdf             EVD 2022-08-11  +8r 48e
  20220812-usa-evd-a-d.standard.pdf             EVD 2022-08-12  +8r 50e
  20220813-usa-evd-a-d.standard.pdf             EVD 2022-08-13  +8r 46e
  20220817-usa-evd-a-d.standard.pdf             EVD 2022-08-17  +8r 57e
  20220818-usa-evd-a-d.standard.pdf             EVD 2022-08-18  +8r 53e
  20220819-usa-evd-a-d.standard.pdf             EVD 2022-08-19  +8r 48e
  20220820-usa-evd-a-d.standard.pdf             EVD 2022-08-20  +8r 53e
  20220824-usa-evd-a-d.standard.pdf             EVD 2022-08-24  +8r 71e
  20220825-usa-evd-a-d.standard.pdf             EVD 2022-08-25  +8r 62e
  20220826-usa-evd-a-d.standard.pdf             EVD 2022-08-26  +8r 67e
  20220827-usa-evd-a-d.standard.pdf             EVD 2022-08-27  +8r 78e
  20230407-usa-evd-a-d.standard.pdf             EVD 2023-04-07  +9r 72e
  20230408-usa-evd-a-d.standard.pdf             EVD 2023-04-08  +9r 71e
  20230412-usa-evd-a-d.standard.pdf             EVD 2023-04-12  +8r 70e
  20230413-usa-evd-a-d.standard.pdf             EVD 2023-04-13  +8r 71e
  20230414-usa-evd-a-d.standard.pdf             EVD 2023-04-14  +9r 88e
  20230415-usa-evd-a-d.standard.pdf             EVD 2023-04-15  +9r 85e
  20230419-usa-evd-a-d.standard.pdf             EVD 2023-04-19  +8r 63e
  20230420-usa-evd-a-d.standard.pdf             EVD 2023-04-20  +8r 64e
  20230421-usa-evd-a-d.standard.pdf             EVD 2023-04-21  +9r 67e
  20230422-usa-evd-a-d.standard.pdf             EVD 2023-04-22  +9r 54e
  20230426-usa-evd-a-d.standard.pdf             EVD 2023-04-26  +8r 66e
  20230427-usa-evd-a-d.standard.pdf             EVD 2023-04-27  +8r 67e
  20230428-usa-evd-a-d.standard.pdf             EVD 2023-04-28  +9r 69e
  20230429-usa-evd-a-d.standard.pdf             EVD 2023-04-29  +9r 63e
  20230503-usa-evd-a-d.standard.pdf             EVD 2023-05-03  +8r 66e
  20230504-usa-evd-a-d.standard.pdf             EVD 2023-05-04  +8r 56e
  20230505-usa-evd-a-d.standard.pdf             EVD 2023-05-05  +9r 55e
  20230506-usa-evd-a-d.standard.pdf             EVD 2023-05-06  +9r 62e
  20230510-usa-evd-a-d.standard.pdf             EVD 2023-05-10  +8r 69e
  20230511-usa-evd-a-d.standard.pdf             EVD 2023-05-11  +8r 69e
  20230512-usa-evd-a-d.standard.pdf             EVD 2023-05-12  +9r 60e
  20230513-usa-evd-a-d.standard.pdf             EVD 2023-05-13  +9r 56e
  20230518-usa-evd-a-d.standard.pdf             EVD 2023-05-18  +8r 59e
  20230519-usa-evd-a-d.standard.pdf             EVD 2023-05-19  +9r 78e
  20230520-usa-evd-a-d.standard.pdf             EVD 2023-05-20  +9r 63e
  20230525-usa-evd-a-d.standard.pdf             EVD 2023-05-25  +8r 61e
  20230526-usa-evd-a-d.standard.pdf             EVD 2023-05-26  +9r 72e
  20230527-usa-evd-a-d.standard.pdf             EVD 2023-05-27  +9r 67e
  20230601-usa-evd-a-d.standard.pdf             EVD 2023-06-01  +8r 71e
  20230602-usa-evd-a-d.standard.pdf             EVD 2023-06-02  +9r 79e
  20230603-usa-evd-a-d.standard.pdf             EVD 2023-06-03  +10r 78e
  20230608-usa-evd-a-d.standard.pdf             EVD 2023-06-08  +8r 63e
  20230609-usa-evd-a-d.standard.pdf             EVD 2023-06-09  +9r 70e
  20230610-usa-evd-a-d.standard.pdf             EVD 2023-06-10  +9r 76e
  20230615-usa-evd-a-d.standard.pdf             EVD 2023-06-15  +8r 64e
  20230616-usa-evd-a-d.standard.pdf             EVD 2023-06-16  +9r 78e
  20230617-usa-evd-a-d.standard.pdf             EVD 2023-06-17  +9r 65e
  20230622-usa-evd-a-d.standard.pdf             EVD 2023-06-22  +8r 57e
  20230623-usa-evd-a-d.standard.pdf             EVD 2023-06-23  +9r 78e
  20230624-usa-evd-a-d.standard.pdf             EVD 2023-06-24  +9r 65e
  20230629-usa-evd-a-d.standard.pdf             EVD 2023-06-29  +8r 71e
  20230630-usa-evd-a-d.standard.pdf             EVD 2023-06-30  +9r 80e
  20230701-usa-evd-a-d.standard.pdf             EVD 2023-07-01  +9r 76e
  20230706-usa-evd-a-d.standard.pdf             EVD 2023-07-06  +8r 64e
  20230707-usa-evd-a-d.standard.pdf             EVD 2023-07-07  +9r 75e
  20230708-usa-evd-a-d.standard.pdf             EVD 2023-07-08  +9r 76e
  20230713-usa-evd-a-d.standard.pdf             EVD 2023-07-13  +8r 64e
  20230714-usa-evd-a-d.standard.pdf             EVD 2023-07-14  +9r 72e
  20230715-usa-evd-a-d.standard.pdf             EVD 2023-07-15  +9r 76e
  20230720-usa-evd-a-d.standard.pdf             EVD 2023-07-20  +8r 71e
  20230721-usa-evd-a-d.standard.pdf             EVD 2023-07-21  +9r 77e
  20230722-usa-evd-a-d.standard.pdf             EVD 2023-07-22  +9r 64e
  20230727-usa-evd-a-d.standard.pdf             EVD 2023-07-27  +8r 70e
  20230728-usa-evd-a-d.standard.pdf             EVD 2023-07-28  +9r 79e
  20230729-usa-evd-a-d.standard.pdf             EVD 2023-07-29  +9r 73e
  20230803-usa-evd-a-d.standard.pdf             EVD 2023-08-03  +8r 66e
  20230804-usa-evd-a-d.standard.pdf             EVD 2023-08-04  +9r 80e
  20230805-usa-evd-a-d.standard.pdf             EVD 2023-08-05  +9r 77e
  20230811-usa-evd-a-d.standard.pdf             EVD 2023-08-11  +9r 78e
  20230812-usa-evd-a-d.standard.pdf             EVD 2023-08-12  +9r 81e
  20240405-usa-evd-a-d.standard.pdf             EVD 2024-04-05  +9r 84e
  20240406-usa-evd-a-d.standard.pdf             EVD 2024-04-06  +9r 74e
  20240410-usa-evd-a-d.standard.pdf             EVD 2024-04-10  +8r 65e
  20240411-usa-evd-a-d.standard.pdf             EVD 2024-04-11  +8r 73e
  20240412-usa-evd-a-d.standard.pdf             EVD 2024-04-12  +9r 75e
  20240413-usa-evd-a-d.standard.pdf             EVD 2024-04-13  +9r 80e
  20240417-usa-evd-a-d.standard.pdf             EVD 2024-04-17  +7r 61e
  20240418-usa-evd-a-d.standard.pdf             EVD 2024-04-18  +8r 74e
  20240419-usa-evd-a-d.standard.pdf             EVD 2024-04-19  +9r 79e
  20240420-usa-evd-a-d.standard.pdf             EVD 2024-04-20  +9r 69e
  20240424-usa-evd-a-d.standard.pdf             EVD 2024-04-24  +8r 62e
  20240425-usa-evd-a-d.standard.pdf             EVD 2024-04-25  +8r 67e
  20240426-usa-evd-a-d.standard.pdf             EVD 2024-04-26  +9r 71e
  20240427-usa-evd-a-d.standard.pdf             EVD 2024-04-27  +9r 65e
  20240501-usa-evd-a-d.standard.pdf             EVD 2024-05-01  +8r 68e
  20240502-usa-evd-a-d.standard.pdf             EVD 2024-05-02  +8r 55e
  20240503-usa-evd-a-d.standard.pdf             EVD 2024-05-03  +9r 65e
  20240504-usa-evd-a-d.standard.pdf             EVD 2024-05-04  +9r 66e
  20240508-usa-evd-a-d.standard.pdf             EVD 2024-05-08  +8r 70e
  20240509-usa-evd-a-d.standard.pdf             EVD 2024-05-09  +8r 68e
  20240510-usa-evd-a-d.standard.pdf             EVD 2024-05-10  +9r 68e
  20240511-usa-evd-a-d.standard.pdf             EVD 2024-05-11  +9r 66e
  20240515-usa-evd-a-d.standard.pdf             EVD 2024-05-15  +8r 55e
  20240516-usa-evd-a-d.standard.pdf             EVD 2024-05-16  +8r 48e
  20240517-usa-evd-a-d.standard.pdf             EVD 2024-05-17  +9r 60e
  20240518-usa-evd-a-d.standard.pdf             EVD 2024-05-18  +9r 60e
  20240522-usa-evd-a-d.standard.pdf             EVD 2024-05-22  +8r 64e
  20240523-usa-evd-a-d.standard.pdf             EVD 2024-05-23  +8r 59e
  20240524-usa-evd-a-d.standard.pdf             EVD 2024-05-24  +9r 77e
  20240525-usa-evd-a-d.standard.pdf             EVD 2024-05-25  +9r 69e
  20240529-usa-evd-a-d.standard.pdf             EVD 2024-05-29  +8r 66e
  20240530-usa-evd-a-d.standard.pdf             EVD 2024-05-30  +8r 65e
  20240531-usa-evd-a-d.standard.pdf             EVD 2024-05-31  +9r 51e
  20240601-usa-evd-a-d.standard.pdf             EVD 2024-06-01  +10r 80e
  20240606-usa-evd-a-d.standard.pdf             EVD 2024-06-06  +8r 50e
  20240607-usa-evd-a-d.standard.pdf             EVD 2024-06-07  +9r 70e
  20240608-usa-evd-a-d.standard.pdf             EVD 2024-06-08  +9r 72e
  20240613-usa-evd-a-d.standard.pdf             EVD 2024-06-13  +9r 71e
  20240614-usa-evd-a-d.standard.pdf             EVD 2024-06-14  +9r 69e
  20240615-usa-evd-a-d.standard.pdf             EVD 2024-06-15  +9r 70e
  20240620-usa-evd-a-d.standard.pdf             EVD 2024-06-20  +8r 56e
  20240621-usa-evd-a-d.standard.pdf             EVD 2024-06-21  +9r 76e
  20240622-usa-evd-a-d.standard.pdf             EVD 2024-06-22  +9r 77e
  20240627-usa-evd-a-d.standard.pdf             EVD 2024-06-27  +8r 66e
  20240628-usa-evd-a-d.standard.pdf             EVD 2024-06-28  +9r 72e
  20240629-usa-evd-a-d.standard.pdf             EVD 2024-06-29  +9r 72e
  20240704-usa-evd-a-d.standard.pdf             EVD 2024-07-04  +8r 56e
  20240705-usa-evd-a-d.standard.pdf             EVD 2024-07-05  +9r 67e
  20240706-usa-evd-a-d.standard.pdf             EVD 2024-07-06  +9r 76e
  20240711-usa-evd-a-d.standard.pdf             EVD 2024-07-11  +8r 59e
  20240712-usa-evd-a-d.standard.pdf             EVD 2024-07-12  +9r 65e
  20240713-usa-evd-a-d.standard.pdf             EVD 2024-07-13  +9r 60e
  20240718-usa-evd-a-d.standard.pdf             EVD 2024-07-18  +8r 60e
  20240719-usa-evd-a-d.standard.pdf             EVD 2024-07-19  +9r 75e
  20240720-usa-evd-a-d.standard.pdf             EVD 2024-07-20  +9r 68e
  20240725-usa-evd-a-d.standard.pdf             EVD 2024-07-25  +8r 58e
  20240726-usa-evd-a-d.standard.pdf             EVD 2024-07-26  +9r 64e
  20240727-usa-evd-a-d.standard.pdf             EVD 2024-07-27  +10r 73e
  20240801-usa-evd-a-d.standard.pdf             EVD 2024-08-01  +8r 57e
  20240802-usa-evd-a-d.standard.pdf             EVD 2024-08-02  +9r 67e
  20240803-usa-evd-a-d.standard.pdf             EVD 2024-08-03  +10r 78e
  20240808-usa-evd-a-d.standard.pdf             EVD 2024-08-08  +8r 0e
  20240809-usa-evd-a-d.standard.pdf             EVD 2024-08-09  +10r 80e
  20240810-usa-evd-a-d.standard.pdf             EVD 2024-08-10  +9r 79e
  20240814-usa-evd-a-d.standard.pdf             EVD 2024-08-14  +8r 62e
  20240815-usa-evd-a-d.standard.pdf             EVD 2024-08-15  +8r 63e
  20240816-usa-evd-a-d.standard.pdf             EVD 2024-08-16  +9r 67e
  20240817-usa-evd-a-d.standard.pdf             EVD 2024-08-17  +10r 77e
  20240822-usa-evd-a-d.standard.pdf             EVD 2024-08-22  +9r 77e
  20240823-usa-evd-a-d.standard.pdf             EVD 2024-08-23  +10r 89e
  20240824-usa-evd-a-d.standard.pdf             EVD 2024-08-24  +11r 96e
  20250404-usa-evd-a-d.standard.pdf             EVD 2025-04-04  +9r 81e
  20250405-usa-evd-a-d.standard.pdf             EVD 2025-04-05  +10r 89e
  20250409-usa-evd-a-d.standard.pdf             EVD 2025-04-09  +8r 77e
  20250410-usa-evd-a-d.standard.pdf             EVD 2025-04-10  +8r 75e
  20250411-usa-evd-a-d.standard.pdf             EVD 2025-04-11  +9r 77e
  20250412-usa-evd-a-d.standard.pdf             EVD 2025-04-12  +9r 74e
  20250416-usa-evd-a-d.standard.pdf             EVD 2025-04-16  +8r 73e
  20250417-usa-evd-a-d.standard.pdf             EVD 2025-04-17  +8r 69e
  20250418-usa-evd-a-d.standard.pdf             EVD 2025-04-18  +9r 67e
  20250419-usa-evd-a-d.standard.pdf             EVD 2025-04-19  +9r 70e
  20250423-usa-evd-a-d.standard.pdf             EVD 2025-04-23  +8r 70e
  20250424-usa-evd-a-d.standard.pdf             EVD 2025-04-24  +8r 68e
  20250425-usa-evd-a-d.standard.pdf             EVD 2025-04-25  +9r 65e
  20250426-usa-evd-a-d.standard.pdf             EVD 2025-04-26  +9r 72e
  20250430-usa-evd-a-d.standard.pdf             EVD 2025-04-30  +8r 64e
  20250501-usa-evd-a-d.standard.pdf             EVD 2025-05-01  +8r 67e
  20250502-usa-evd-a-d.standard.pdf             EVD 2025-05-02  +9r 58e
  20250503-usa-evd-a-d.standard.pdf             EVD 2025-05-03  +9r 56e
  20250507-usa-evd-a-d.standard.pdf             EVD 2025-05-07  +8r 64e
  20250508-usa-evd-a-d.standard.pdf             EVD 2025-05-08  +8r 61e
  20250509-usa-evd-a-d.standard.pdf             EVD 2025-05-09  +9r 68e
  20250510-usa-evd-a-d.standard.pdf             EVD 2025-05-10  +9r 65e
  20250514-usa-evd-a-d.standard.pdf             EVD 2025-05-14  +8r 66e
  20250515-usa-evd-a-d.standard.pdf             EVD 2025-05-15  +8r 69e
  20250516-usa-evd-a-d.standard.pdf             EVD 2025-05-16  +9r 70e
  20250517-usa-evd-a-d.standard.pdf             EVD 2025-05-17  +9r 61e
  20250521-usa-evd-a-d.standard.pdf             EVD 2025-05-21  +8r 63e
  20250522-usa-evd-a-d.standard.pdf             EVD 2025-05-22  +8r 58e
  20250523-usa-evd-a-d.standard.pdf             EVD 2025-05-23  +9r 68e
  20250524-usa-evd-a-d.standard.pdf             EVD 2025-05-24  +9r 67e
  20250529-usa-evd-a-d.standard.pdf             EVD 2025-05-29  +8r 60e
  20250530-usa-evd-a-d.standard.pdf             EVD 2025-05-30  +9r 81e
  20250531-usa-evd-a-d.standard.pdf             EVD 2025-05-31  +9r 75e
  20250605-usa-evd-a-d.standard.pdf             EVD 2025-06-05  +8r 67e
  20250606-usa-evd-a-d.standard.pdf             EVD 2025-06-06  +9r 80e
  20250607-usa-evd-a-d.standard.pdf             EVD 2025-06-07  +10r 78e
  20250612-usa-evd-a-d.standard.pdf             EVD 2025-06-12  +8r 64e
  20250613-usa-evd-a-d.standard.pdf             EVD 2025-06-13  +9r 76e
  20250614-usa-evd-a-d.standard.pdf             EVD 2025-06-14  +9r 77e
  20250619-usa-evd-a-d.standard.pdf             EVD 2025-06-19  +8r 65e
  20250620-usa-evd-a-d.standard.pdf             EVD 2025-06-20  +9r 73e
  20250621-usa-evd-a-d.standard.pdf             EVD 2025-06-21  +9r 78e
  20250626-usa-evd-a-d.standard.pdf             EVD 2025-06-26  +8r 58e
  20250627-usa-evd-a-d.standard.pdf             EVD 2025-06-27  +9r 67e
  20250628-usa-evd-a-d.standard.pdf             EVD 2025-06-28  +9r 73e
  20250703-usa-evd-a-d.standard.pdf             EVD 2025-07-03  +8r 65e
  20250705-usa-evd-a-d.standard.pdf             EVD 2025-07-05  +10r 92e
  20250710-usa-evd-a-d.standard.pdf             EVD 2025-07-10  +8r 68e
  20250711-usa-evd-a-d.standard.pdf             EVD 2025-07-11  +9r 72e
  20250712-usa-evd-a-d.standard.pdf             EVD 2025-07-12  +9r 71e
  20250717-usa-evd-a-d.standard.pdf             EVD 2025-07-17  +8r 62e
  20250718-usa-evd-a-d.standard.pdf             EVD 2025-07-18  +9r 74e
  20250719-usa-evd-a-d.standard.pdf             EVD 2025-07-19  +10r 79e
  20250724-usa-evd-a-d.standard.pdf             EVD 2025-07-24  +8r 50e
  20250725-usa-evd-a-d.standard.pdf             EVD 2025-07-25  +9r 72e
  20250726-usa-evd-a-d.standard.pdf             EVD 2025-07-26  +10r 80e
  20250731-usa-evd-a-d.standard.pdf             EVD 2025-07-31  +8r 57e
  20250801-usa-evd-a-d.standard.pdf             EVD 2025-08-01  +9r 80e
  20250802-usa-evd-a-d.standard.pdf             EVD 2025-08-02  +10r 80e
  20250807-usa-evd-a-d.standard.pdf             EVD 2025-08-07  +8r 68e
  20250808-usa-evd-a-d.standard.pdf             EVD 2025-08-08  +9r 70e
  20250809-usa-evd-a-d.standard.pdf             EVD 2025-08-09  +9r 72e
  20250814-usa-evd-a-d.standard.pdf             EVD 2025-08-14  +8r 69e
  20250815-usa-evd-a-d.standard.pdf             EVD 2025-08-15  +9r 72e
  20250816-usa-evd-a-d.standard.pdf             EVD 2025-08-16  +9r 68e
  20250821-usa-evd-a-d.standard.pdf             EVD 2025-08-21  +8r 70e
  20250822-usa-evd-a-d.standard.pdf             EVD 2025-08-22  +9r 70e
  20250823-usa-evd-a-d.standard.pdf             EVD 2025-08-23  +9r 74e
  20250828-usa-evd-a-d.standard.pdf             EVD 2025-08-28  +8r 66e
  20250829-usa-evd-a-d.standard.pdf             EVD 2025-08-29  +9r 77e
  20250830-usa-evd-a-d.standard.pdf             EVD 2025-08-30  +9r 75e
  20250901-usa-evd-a-d.standard.pdf             EVD 2025-09-01  +9r 73e
  EVD040326USA.pdf                              EVD 2026-04-03  +9r 82e
  EVD040426USA.pdf                              EVD 2026-04-04  +10r 83e
  EVD040826USA.pdf                              EVD 2026-04-08  +8r 69e
  EVD040926USA.pdf                              EVD 2026-04-09  +8r 82e
  EVD041026USA.pdf                              EVD 2026-04-10  +9r 79e
  EVD041126USA.pdf                              EVD 2026-04-11  +9r 84e
  EVD041526USA.pdf                              EVD 2026-04-15  +8r 72e
  EVD041626USA.pdf                              EVD 2026-04-16  +8r 85e
  EVD041726USA.pdf                              EVD 2026-04-17  +9r 90e
  EVD041826USA.pdf                              EVD 2026-04-18  +9r 76e
  EVD042226USA.pdf                              EVD 2026-04-22  +8r 71e
  EVD042326USA.pdf                              EVD 2026-04-23  +8r 73e
  EVD042526USA.pdf                              EVD 2026-04-25  +9r 64e
  EVD042926USA.pdf                              EVD 2026-04-29  +8r 70e
  EVD043026USA.pdf                              EVD 2026-04-30  +8r 66e
  EVD050126USA.pdf                              EVD 2026-05-01  +9r 68e
  EVD050226USA.pdf                              EVD 2026-05-02  +9r 70e
  EVD050826USA.pdf                              EVD 2026-05-08  +9r 71e
  EVD050926USA.pdf                              EVD 2026-05-09  +9r 70e
  EVD051426USA.pdf                              EVD 2026-05-14  +8r 71e
  EVD051526USA.pdf                              EVD 2026-05-15  +9r 86e
  EVD051626USA.pdf                              EVD 2026-05-16  +9r 80e
  EVD052126USA.pdf                              EVD 2026-05-21  +8r 62e
  EVD052226USA.pdf                              EVD 2026-05-22  +9r 69e
  EVD052326USA.pdf                              EVD 2026-05-23  +9r 64e
  EVD052826USA.pdf                              EVD 2026-05-28  +8r 66e
  EVD052926USA.pdf                              EVD 2026-05-29  +9r 44e
  EVD053026USA.pdf                              EVD 2026-05-30  +9r 77e
  EVD060426USA.pdf                              EVD 2026-06-04  +8r 66e
  EVD060526USA.pdf                              EVD 2026-06-05  +9r 72e
  EVD060626USA.pdf                              EVD 2026-06-06  +10r 56e
  EVD061126USA.pdf                              EVD 2026-06-11  +7r 50e
  EVD061226USA.pdf                              EVD 2026-06-12  +9r 74e
  EVD061326USA.pdf                              EVD 2026-06-13  +9r 78e
  EVD061826USA.pdf                              EVD 2026-06-18  +8r 64e
  EVD061926USA.pdf                              EVD 2026-06-19  +9r 75e
  EVD062526USA.pdf                              EVD 2026-06-25  +8r 65e
TOTALS Evangeline Downs {"races": 2774, "entries": 21373, "exotics": 13403, "purged_entries": 0, "cards": 324, "errors": 1}
  20211125-usa-fg-a-d.standard.pdf              FG 2021-11-25  +9r 82e
  20211126-usa-fg-a-d.standard.pdf              FG 2021-11-26  +9r 70e
  20211127-usa-fg-a-d.standard.pdf              FG 2021-11-27  +10r 87e
  20211128-usa-fg-a-d.standard.pdf              FG 2021-11-28  +9r 67e
  20211202-usa-fg-a-d.standard.pdf              FG 2021-12-02  +9r 77e
  20211203-usa-fg-a-d.standard.pdf              FG 2021-12-03  +9r 71e
  20211204-usa-fg-a-d.standard.pdf              FG 2021-12-04  +9r 64e
  20211205-usa-fg-a-d.standard.pdf              FG 2021-12-05  +8r 63e
  20211209-usa-fg-a-d.standard.pdf              FG 2021-12-09  +9r 65e
  20211210-usa-fg-a-d.standard.pdf              FG 2021-12-10  +9r 65e
  20211211-usa-fg-a-d.standard.pdf              FG 2021-12-11  +13r 85e
  20211212-usa-fg-a-d.standard.pdf              FG 2021-12-12  +9r 67e
  20211216-usa-fg-a-d.standard.pdf              FG 2021-12-16  +9r 70e
  20211217-usa-fg-a-d.standard.pdf              FG 2021-12-17  +9r 65e
  20211218-usa-fg-a-d.standard.pdf              FG 2021-12-18  +10r 74e
  20211219-usa-fg-a-d.standard.pdf              FG 2021-12-19  +9r 63e
  20211220-usa-fg-a-d.standard.pdf              FG 2021-12-20  +9r 67e
  20211226-usa-fg-a-d.standard.pdf              FG 2021-12-26  +13r 109e
  20211227-usa-fg-a-d.standard.pdf              FG 2021-12-27  +10r 88e
  20211230-usa-fg-a-d.standard.pdf              FG 2021-12-30  +9r 75e
  20211231-usa-fg-a-d.standard.pdf              FG 2021-12-31  +9r 62e
  20220101-usa-fg-a-d.standard.pdf              FG 2022-01-01  +9r 70e
  20220102-usa-fg-a-d.standard.pdf              FG 2022-01-02  +9r 59e
  20220103-usa-fg-a-d.standard.pdf              FG 2022-01-03  +9r 65e
  20220106-usa-fg-a-d.standard.pdf              FG 2022-01-06  +9r 79e
  20220107-usa-fg-a-d.standard.pdf              FG 2022-01-07  +9r 71e
  20220108-usa-fg-a-d.standard.pdf              FG 2022-01-08  +9r 68e
  20220109-usa-fg-a-d.standard.pdf              FG 2022-01-09  +9r 60e
  20220110-usa-fg-a-d.standard.pdf              FG 2022-01-10  +8r 48e
  20220113-usa-fg-a-d.standard.pdf              FG 2022-01-13  +9r 67e
  20220114-usa-fg-a-d.standard.pdf              FG 2022-01-14  +9r 68e
  20220115-usa-fg-a-d.standard.pdf              FG 2022-01-15  +9r 58e
  20220116-usa-fg-a-d.standard.pdf              FG 2022-01-16  +9r 54e
  20220117-usa-fg-a-d.standard.pdf              FG 2022-01-17  +8r 61e
  20220120-usa-fg-a-d.standard.pdf              FG 2022-01-20  +9r 62e
  20220121-usa-fg-a-d.standard.pdf              FG 2022-01-21  +9r 67e
  20220122-usa-fg-a-d.standard.pdf              FG 2022-01-22  +14r 124e
  20220123-usa-fg-a-d.standard.pdf              FG 2022-01-23  +9r 70e
  20220127-usa-fg-a-d.standard.pdf              FG 2022-01-27  +9r 58e
  20220128-usa-fg-a-d.standard.pdf              FG 2022-01-28  +9r 81e
  20220129-usa-fg-a-d.standard.pdf              FG 2022-01-29  +9r 73e
  20220130-usa-fg-a-d.standard.pdf              FG 2022-01-30  +9r 80e
  20220203-usa-fg-a-d.standard.pdf              FG 2022-02-03  +9r 61e
  20220204-usa-fg-a-d.standard.pdf              FG 2022-02-04  +9r 65e
  20220205-usa-fg-a-d.standard.pdf              FG 2022-02-05  +9r 57e
  20220206-usa-fg-a-d.standard.pdf              FG 2022-02-06  +9r 64e
  20220210-usa-fg-a-d.standard.pdf              FG 2022-02-10  +9r 73e
  20220211-usa-fg-a-d.standard.pdf              FG 2022-02-11  +9r 72e
  20220212-usa-fg-a-d.standard.pdf              FG 2022-02-12  +9r 73e
  20220213-usa-fg-a-d.standard.pdf              FG 2022-02-13  +8r 59e
  20220214-usa-fg-a-d.standard.pdf              FG 2022-02-14  +9r 72e
  20220217-usa-fg-a-d.standard.pdf              FG 2022-02-17  +9r 64e
  20220218-usa-fg-a-d.standard.pdf              FG 2022-02-18  +9r 68e
  20220219-usa-fg-a-d.standard.pdf              FG 2022-02-19  +13r 127e
  20220220-usa-fg-a-d.standard.pdf              FG 2022-02-20  +9r 66e
  20220221-usa-fg-a-d.standard.pdf              FG 2022-02-21  +9r 64e
  20220224-usa-fg-a-d.standard.pdf              FG 2022-02-24  +9r 71e
  20220225-usa-fg-a-d.standard.pdf              FG 2022-02-25  +9r 67e
  20220226-usa-fg-a-d.standard.pdf              FG 2022-02-26  +9r 73e
  20220228-usa-fg-a-d.standard.pdf              FG 2022-02-28  +9r 70e
  20220301-usa-fg-a-d.standard.pdf              FG 2022-03-01  +9r 71e
  20220303-usa-fg-a-d.standard.pdf              FG 2022-03-03  +9r 73e
  20220304-usa-fg-a-d.standard.pdf              FG 2022-03-04  +9r 68e
  20220305-usa-fg-a-d.standard.pdf              FG 2022-03-05  +9r 57e
  20220306-usa-fg-a-d.standard.pdf              FG 2022-03-06  +9r 64e
  20220309-usa-fg-a-d.standard.pdf              FG 2022-03-09  +9r 62e
  20220310-usa-fg-a-d.standard.pdf              FG 2022-03-10  +9r 76e
  20220311-usa-fg-a-d.standard.pdf              FG 2022-03-11  +9r 67e
  20220312-usa-fg-a-d.standard.pdf              FG 2022-03-12  +9r 73e
  20220313-usa-fg-a-d.standard.pdf              FG 2022-03-13  +9r 66e
  20220316-usa-fg-a-d.standard.pdf              FG 2022-03-16  +9r 74e
  20220317-usa-fg-a-d.standard.pdf              FG 2022-03-17  +9r 66e
  20220318-usa-fg-a-d.standard.pdf              FG 2022-03-18  +9r 69e
  20220319-usa-fg-a-d.standard.pdf              FG 2022-03-19  +10r 83e
  20220320-usa-fg-a-d.standard.pdf              FG 2022-03-20  +9r 81e
  20220323-usa-fg-a-d.standard.pdf              FG 2022-03-23  +10r 78e
  20220324-usa-fg-a-d.standard.pdf              FG 2022-03-24  +10r 78e
  20220325-usa-fg-a-d.standard.pdf              FG 2022-03-25  +10r 88e
  20220326-usa-fg-a-d.standard.pdf              FG 2022-03-26  +12r 107e
  20220327-usa-fg-a-d.standard.pdf              FG 2022-03-27  +13r 130e
  20221118-usa-fg-a-d.standard.pdf              FG 2022-11-18  +9r 73e
  20221119-usa-fg-a-d.standard.pdf              FG 2022-11-19  +9r 76e
  20221124-usa-fg-a-d.standard.pdf              FG 2022-11-24  +9r 69e
  20221125-usa-fg-a-d.standard.pdf              FG 2022-11-25  +8r 57e
  20221126-usa-fg-a-d.standard.pdf              FG 2022-11-26  +9r 56e
  20221127-usa-fg-a-d.standard.pdf              FG 2022-11-27  +8r 51e
  20221201-usa-fg-a-d.standard.pdf              FG 2022-12-01  +8r 55e
  20221202-usa-fg-a-d.standard.pdf              FG 2022-12-02  +8r 53e
  20221203-usa-fg-a-d.standard.pdf              FG 2022-12-03  +9r 67e
  20221204-usa-fg-a-d.standard.pdf              FG 2022-12-04  +8r 51e
  20221208-usa-fg-a-d.standard.pdf              FG 2022-12-08  +8r 51e
  20221209-usa-fg-a-d.standard.pdf              FG 2022-12-09  +9r 58e
  20221210-usa-fg-a-d.standard.pdf              FG 2022-12-10  +9r 69e
  20221211-usa-fg-a-d.standard.pdf              FG 2022-12-11  +8r 58e
  20221215-usa-fg-a-d.standard.pdf              FG 2022-12-15  +8r 61e
  20221216-usa-fg-a-d.standard.pdf              FG 2022-12-16  +8r 63e
  20221217-usa-fg-a-d.standard.pdf              FG 2022-12-17  +9r 59e
  20221218-usa-fg-a-d.standard.pdf              FG 2022-12-18  +8r 51e
  20221219-usa-fg-a-d.standard.pdf              FG 2022-12-19  +8r 57e
  20221222-usa-fg-a-d.standard.pdf              FG 2022-12-22  +9r 62e
  20221223-usa-fg-a-d.standard.pdf              FG 2022-12-23  +9r 61e
  20221226-usa-fg-a-d.standard.pdf              FG 2022-12-26  +13r 108e
  20221229-usa-fg-a-d.standard.pdf              FG 2022-12-29  +8r 63e
  20221230-usa-fg-a-d.standard.pdf              FG 2022-12-30  +8r 0e
  20221231-usa-fg-a-d.standard.pdf              FG 2022-12-31  +10r 72e
  20230101-usa-fg-a-d.standard.pdf              FG 2023-01-01  +8r 60e
  20230105-usa-fg-a-d.standard.pdf              FG 2023-01-05  +8r 56e
  20230106-usa-fg-a-d.standard.pdf              FG 2023-01-06  +8r 54e
  20230107-usa-fg-a-d.standard.pdf              FG 2023-01-07  +10r 70e
  20230108-usa-fg-a-d.standard.pdf              FG 2023-01-08  +8r 55e
  20230112-usa-fg-a-d.standard.pdf              FG 2023-01-12  +9r 62e
  20230113-usa-fg-a-d.standard.pdf              FG 2023-01-13  +8r 53e
  20230114-usa-fg-a-d.standard.pdf              FG 2023-01-14  +9r 63e
  20230115-usa-fg-a-d.standard.pdf              FG 2023-01-15  +8r 54e
  20230116-usa-fg-a-d.standard.pdf              FG 2023-01-16  +8r 60e
  20230119-usa-fg-a-d.standard.pdf              FG 2023-01-19  +8r 53e
  20230120-usa-fg-a-d.standard.pdf              FG 2023-01-20  +8r 53e
  20230121-usa-fg-a-d.standard.pdf              FG 2023-01-21  +14r 105e
  20230122-usa-fg-a-d.standard.pdf              FG 2023-01-22  +8r 51e
  20230126-usa-fg-a-d.standard.pdf              FG 2023-01-26  +8r 49e
  20230127-usa-fg-a-d.standard.pdf              FG 2023-01-27  +8r 56e
  20230128-usa-fg-a-d.standard.pdf              FG 2023-01-28  +9r 63e
  20230129-usa-fg-a-d.standard.pdf              FG 2023-01-29  +8r 54e
WARNING 20250215-usa-fg-a-d.standard.pdf failed to load: Non-Ascii85 digit found: ã
  20230202-usa-fg-a-d.standard.pdf              FG 2023-02-02  +8r 60e
  20230203-usa-fg-a-d.standard.pdf              FG 2023-02-03  +8r 54e
  20230204-usa-fg-a-d.standard.pdf              FG 2023-02-04  +9r 62e
  20230205-usa-fg-a-d.standard.pdf              FG 2023-02-05  +8r 62e
  20230209-usa-fg-a-d.standard.pdf              FG 2023-02-09  +8r 53e
  20230210-usa-fg-a-d.standard.pdf              FG 2023-02-10  +8r 60e
  20230211-usa-fg-a-d.standard.pdf              FG 2023-02-11  +9r 59e
  20230212-usa-fg-a-d.standard.pdf              FG 2023-02-12  +8r 55e
  20230216-usa-fg-a-d.standard.pdf              FG 2023-02-16  +8r 62e
  20230217-usa-fg-a-d.standard.pdf              FG 2023-02-17  +8r 59e
  20230218-usa-fg-a-d.standard.pdf              FG 2023-02-18  +13r 116e
  20230220-usa-fg-a-d.standard.pdf              FG 2023-02-20  +9r 65e
  20230221-usa-fg-a-d.standard.pdf              FG 2023-02-21  +9r 69e
  20230223-usa-fg-a-d.standard.pdf              FG 2023-02-23  +8r 54e
  20230224-usa-fg-a-d.standard.pdf              FG 2023-02-24  +8r 57e
  20230225-usa-fg-a-d.standard.pdf              FG 2023-02-25  +9r 66e
  20230226-usa-fg-a-d.standard.pdf              FG 2023-02-26  +8r 53e
  20230301-usa-fg-a-d.standard.pdf              FG 2023-03-01  +8r 61e
  20230302-usa-fg-a-d.standard.pdf              FG 2023-03-02  +9r 66e
  20230303-usa-fg-a-d.standard.pdf              FG 2023-03-03  +8r 60e
  20230304-usa-fg-a-d.standard.pdf              FG 2023-03-04  +9r 61e
  20230305-usa-fg-a-d.standard.pdf              FG 2023-03-05  +8r 53e
  20230308-usa-fg-a-d.standard.pdf              FG 2023-03-08  +8r 65e
  20230309-usa-fg-a-d.standard.pdf              FG 2023-03-09  +9r 62e
  20230310-usa-fg-a-d.standard.pdf              FG 2023-03-10  +8r 58e
  20230311-usa-fg-a-d.standard.pdf              FG 2023-03-11  +9r 63e
  20230312-usa-fg-a-d.standard.pdf              FG 2023-03-12  +8r 62e
  20230315-usa-fg-a-d.standard.pdf              FG 2023-03-15  +9r 73e
  20230316-usa-fg-a-d.standard.pdf              FG 2023-03-16  +9r 69e
  20230317-usa-fg-a-d.standard.pdf              FG 2023-03-17  +8r 6e
  20230318-usa-fg-a-d.standard.pdf              FG 2023-03-18  +9r 80e
  20230319-usa-fg-a-d.standard.pdf              FG 2023-03-19  +8r 52e
  20230322-usa-fg-a-d.standard.pdf              FG 2023-03-22  +9r 74e
  20230323-usa-fg-a-d.standard.pdf              FG 2023-03-23  +10r 80e
  20230324-usa-fg-a-d.standard.pdf              FG 2023-03-24  +10r 82e
  20230325-usa-fg-a-d.standard.pdf              FG 2023-03-25  +15r 141e
  20230326-usa-fg-a-d.standard.pdf              FG 2023-03-26  +15r 130e
  20231117-usa-fg-a-d.standard.pdf              FG 2023-11-17  +9r 93e
  20231118-usa-fg-a-d.standard.pdf              FG 2023-11-18  +10r 99e
  20231123-usa-fg-a-d.standard.pdf              FG 2023-11-23  +10r 89e
  20231124-usa-fg-a-d.standard.pdf              FG 2023-11-24  +9r 74e
  20231125-usa-fg-a-d.standard.pdf              FG 2023-11-25  +9r 82e
  20231130-usa-fg-a-d.standard.pdf              FG 2023-11-30  +10r 86e
  20231201-usa-fg-a-d.standard.pdf              FG 2023-12-01  +8r 65e
  20231202-usa-fg-a-d.standard.pdf              FG 2023-12-02  +11r 83e
  20231203-usa-fg-a-d.standard.pdf              FG 2023-12-03  +8r 58e
  20231207-usa-fg-a-d.standard.pdf              FG 2023-12-07  +9r 70e
  20231208-usa-fg-a-d.standard.pdf              FG 2023-12-08  +8r 62e
  20231209-usa-fg-a-d.standard.pdf              FG 2023-12-09  +13r 113e
  20231210-usa-fg-a-d.standard.pdf              FG 2023-12-10  +9r 74e
  20231214-usa-fg-a-d.standard.pdf              FG 2023-12-14  +11r 92e
  20231215-usa-fg-a-d.standard.pdf              FG 2023-12-15  +8r 63e
  20231216-usa-fg-a-d.standard.pdf              FG 2023-12-16  +10r 82e
  20231217-usa-fg-a-d.standard.pdf              FG 2023-12-17  +8r 54e
  20231221-usa-fg-a-d.standard.pdf              FG 2023-12-21  +9r 80e
  20231222-usa-fg-a-d.standard.pdf              FG 2023-12-22  +9r 83e
  20231223-usa-fg-a-d.standard.pdf              FG 2023-12-23  +12r 99e
  20231229-usa-fg-a-d.standard.pdf              FG 2023-12-29  +8r 77e
  20231230-usa-fg-a-d.standard.pdf              FG 2023-12-30  +10r 96e
  20231231-usa-fg-a-d.standard.pdf              FG 2023-12-31  +10r 89e
  20240101-usa-fg-a-d.standard.pdf              FG 2024-01-01  +9r 75e
  20240104-usa-fg-a-d.standard.pdf              FG 2024-01-04  +10r 83e
  20240105-usa-fg-a-d.standard.pdf              FG 2024-01-05  +8r 69e
  20240106-usa-fg-a-d.standard.pdf              FG 2024-01-06  +10r 75e
  20240107-usa-fg-a-d.standard.pdf              FG 2024-01-07  +8r 65e
  20240111-usa-fg-a-d.standard.pdf              FG 2024-01-11  +10r 78e
  20240112-usa-fg-a-d.standard.pdf              FG 2024-01-12  +8r 66e
  20240113-usa-fg-a-d.standard.pdf              FG 2024-01-13  +9r 72e
  20240115-usa-fg-a-d.standard.pdf              FG 2024-01-15  +9r 73e
  20240118-usa-fg-a-d.standard.pdf              FG 2024-01-18  +10r 87e
  20240119-usa-fg-a-d.standard.pdf              FG 2024-01-19  +9r 73e
  20240120-usa-fg-a-d.standard.pdf              FG 2024-01-20  +13r 106e
  20240121-usa-fg-a-d.standard.pdf              FG 2024-01-21  +8r 73e
  20240125-usa-fg-a-d.standard.pdf              FG 2024-01-25  +10r 76e
  20240126-usa-fg-a-d.standard.pdf              FG 2024-01-26  +9r 62e
  20240127-usa-fg-a-d.standard.pdf              FG 2024-01-27  +8r 64e
  20240128-usa-fg-a-d.standard.pdf              FG 2024-01-28  +8r 55e
  20240201-usa-fg-a-d.standard.pdf              FG 2024-02-01  +10r 83e
  20240202-usa-fg-a-d.standard.pdf              FG 2024-02-02  +8r 65e
  20240203-usa-fg-a-d.standard.pdf              FG 2024-02-03  +10r 67e
  20240204-usa-fg-a-d.standard.pdf              FG 2024-02-04  +8r 55e
  20240208-usa-fg-a-d.standard.pdf              FG 2024-02-08  +10r 81e
  20240209-usa-fg-a-d.standard.pdf              FG 2024-02-09  +8r 66e
  20240210-usa-fg-a-d.standard.pdf              FG 2024-02-10  +9r 73e
  20240212-usa-fg-a-d.standard.pdf              FG 2024-02-12  +8r 57e
  20240213-usa-fg-a-d.standard.pdf              FG 2024-02-13  +9r 75e
  20240215-usa-fg-a-d.standard.pdf              FG 2024-02-15  +9r 79e
  20240216-usa-fg-a-d.standard.pdf              FG 2024-02-16  +8r 64e
  20240217-usa-fg-a-d.standard.pdf              FG 2024-02-17  +14r 122e
  20240218-usa-fg-a-d.standard.pdf              FG 2024-02-18  +8r 78e
  20240222-usa-fg-a-d.standard.pdf              FG 2024-02-22  +10r 85e
  20240223-usa-fg-a-d.standard.pdf              FG 2024-02-23  +8r 74e
  20240224-usa-fg-a-d.standard.pdf              FG 2024-02-24  +10r 85e
  20240225-usa-fg-a-d.standard.pdf              FG 2024-02-25  +8r 80e
  20240229-usa-fg-a-d.standard.pdf              FG 2024-02-29  +10r 89e
  20240301-usa-fg-a-d.standard.pdf              FG 2024-03-01  +8r 65e
  20240302-usa-fg-a-d.standard.pdf              FG 2024-03-02  +10r 80e
  20240303-usa-fg-a-d.standard.pdf              FG 2024-03-03  +8r 66e
  20240306-usa-fg-a-d.standard.pdf              FG 2024-03-06  +9r 82e
  20240307-usa-fg-a-d.standard.pdf              FG 2024-03-07  +10r 88e
  20240308-usa-fg-a-d.standard.pdf              FG 2024-03-08  +8r 73e
  20240309-usa-fg-a-d.standard.pdf              FG 2024-03-09  +10r 82e
  20240310-usa-fg-a-d.standard.pdf              FG 2024-03-10  +8r 68e
  20240313-usa-fg-a-d.standard.pdf              FG 2024-03-13  +9r 71e
  20240314-usa-fg-a-d.standard.pdf              FG 2024-03-14  +9r 88e
  20240315-usa-fg-a-d.standard.pdf              FG 2024-03-15  +9r 70e
  20240316-usa-fg-a-d.standard.pdf              FG 2024-03-16  +10r 87e
  20240317-usa-fg-a-d.standard.pdf              FG 2024-03-17  +8r 0e
  20240320-usa-fg-a-d.standard.pdf              FG 2024-03-20  +8r 66e
  20240321-usa-fg-a-d.standard.pdf              FG 2024-03-21  +9r 83e
  20240322-usa-fg-a-d.standard.pdf              FG 2024-03-22  +8r 69e
  20240323-usa-fg-a-d.standard.pdf              FG 2024-03-23  +12r 118e
  20240324-usa-fg-a-d.standard.pdf              FG 2024-03-24  +15r 145e
  20240815-usa-fg-a-d.standard.pdf              FG 2024-08-15  +9r 0e
  20240816-usa-fg-a-d.standard.pdf              FG 2024-08-16  +9r 0e
  20240817-usa-fg-a-d.standard.pdf              FG 2024-08-17  +10r 0e
  20240822-usa-fg-a-d.standard.pdf              FG 2024-08-22  +9r 0e
  20240823-usa-fg-a-d.standard.pdf              FG 2024-08-23  +9r 0e
  20240824-usa-fg-a-d.standard.pdf              FG 2024-08-24  +10r 0e
  20240829-usa-fg-a-d.standard.pdf              FG 2024-08-29  +9r 0e
  20240830-usa-fg-a-d.standard.pdf              FG 2024-08-30  +9r 0e
  20240831-usa-fg-a-d.standard.pdf              FG 2024-08-31  +9r 0e
  20240905-usa-fg-a-d.standard.pdf              FG 2024-09-05  +9r 0e
  20240906-usa-fg-a-d.standard.pdf              FG 2024-09-06  +9r 0e
  20240907-usa-fg-a-d.standard.pdf              FG 2024-09-07  +10r 0e
  20240912-usa-fg-a-d.standard.pdf              FG 2024-09-12  +10r 0e
  20240913-usa-fg-a-d.standard.pdf              FG 2024-09-13  +12r 0e
  20240914-usa-fg-a-d.standard.pdf              FG 2024-09-14  +13r 0e
  20240915-usa-fg-a-d.standard.pdf              FG 2024-09-15  +10r 0e
  20241122-usa-fg-a-d.standard.pdf              FG 2024-11-22  +9r 87e
  20241123-usa-fg-a-d.standard.pdf              FG 2024-11-23  +10r 103e
  20241124-usa-fg-a-d.standard.pdf              FG 2024-11-24  +8r 70e
  20241128-usa-fg-a-d.standard.pdf              FG 2024-11-28  +10r 97e
  20241129-usa-fg-a-d.standard.pdf              FG 2024-11-29  +9r 74e
  20241130-usa-fg-a-d.standard.pdf              FG 2024-11-30  +9r 83e
  20241205-usa-fg-a-d.standard.pdf              FG 2024-12-05  +10r 66e
  20241206-usa-fg-a-d.standard.pdf              FG 2024-12-06  +8r 58e
  20241207-usa-fg-a-d.standard.pdf              FG 2024-12-07  +9r 75e
  20241208-usa-fg-a-d.standard.pdf              FG 2024-12-08  +8r 64e
  20241212-usa-fg-a-d.standard.pdf              FG 2024-12-12  +10r 70e
  20241213-usa-fg-a-d.standard.pdf              FG 2024-12-13  +8r 67e
  20241214-usa-fg-a-d.standard.pdf              FG 2024-12-14  +10r 89e
  20241215-usa-fg-a-d.standard.pdf              FG 2024-12-15  +8r 68e
  20241216-usa-fg-a-d.standard.pdf              FG 2024-12-16  +8r 54e
  20241219-usa-fg-a-d.standard.pdf              FG 2024-12-19  +9r 64e
  20241220-usa-fg-a-d.standard.pdf              FG 2024-12-20  +8r 55e
  20241221-usa-fg-a-d.standard.pdf              FG 2024-12-21  +12r 90e
  20241222-usa-fg-a-d.standard.pdf              FG 2024-12-22  +8r 64e
  20241226-usa-fg-a-d.standard.pdf              FG 2024-12-26  +11r 82e
  20241227-usa-fg-a-d.standard.pdf              FG 2024-12-27  +8r 56e
  20241228-usa-fg-a-d.standard.pdf              FG 2024-12-28  +10r 82e
  20241229-usa-fg-a-d.standard.pdf              FG 2024-12-29  +8r 56e
  20250101-usa-fg-a-d.standard.pdf              FG 2025-01-01  +9r 72e
  20250102-usa-fg-a-d.standard.pdf              FG 2025-01-02  +9r 69e
  20250103-usa-fg-a-d.standard.pdf              FG 2025-01-03  +8r 68e
  20250104-usa-fg-a-d.standard.pdf              FG 2025-01-04  +9r 73e
  20250105-usa-fg-a-d.standard.pdf              FG 2025-01-05  +8r 59e
  20250109-usa-fg-a-d.standard.pdf              FG 2025-01-09  +10r 73e
  20250110-usa-fg-a-d.standard.pdf              FG 2025-01-10  +8r 55e
  20250111-usa-fg-a-d.standard.pdf              FG 2025-01-11  +9r 58e
  20250112-usa-fg-a-d.standard.pdf              FG 2025-01-12  +8r 58e
  20250116-usa-fg-a-d.standard.pdf              FG 2025-01-16  +9r 64e
  20250117-usa-fg-a-d.standard.pdf              FG 2025-01-17  +8r 66e
  20250118-usa-fg-a-d.standard.pdf              FG 2025-01-18  +12r 107e
  20250119-usa-fg-a-d.standard.pdf              FG 2025-01-19  +8r 64e
  20250120-usa-fg-a-d.standard.pdf              FG 2025-01-20  +9r 81e
  20250123-usa-fg-a-d.standard.pdf              FG 2025-01-23  +9r 0e
  20250124-usa-fg-a-d.standard.pdf              FG 2025-01-24  +8r 57e
  20250125-usa-fg-a-d.standard.pdf              FG 2025-01-25  +10r 63e
  20250126-usa-fg-a-d.standard.pdf              FG 2025-01-26  +8r 50e
  20250127-usa-fg-a-d.standard.pdf              FG 2025-01-27  +9r 67e
  20250130-usa-fg-a-d.standard.pdf              FG 2025-01-30  +9r 62e
  20250131-usa-fg-a-d.standard.pdf              FG 2025-01-31  +8r 56e
  20250201-usa-fg-a-d.standard.pdf              FG 2025-02-01  +9r 76e
  20250202-usa-fg-a-d.standard.pdf              FG 2025-02-02  +8r 68e
  20250206-usa-fg-a-d.standard.pdf              FG 2025-02-06  +9r 72e
  20250207-usa-fg-a-d.standard.pdf              FG 2025-02-07  +8r 64e
  20250208-usa-fg-a-d.standard.pdf              FG 2025-02-08  +8r 59e
  20250213-usa-fg-a-d.standard.pdf              FG 2025-02-13  +9r 78e
  20250214-usa-fg-a-d.standard.pdf              FG 2025-02-14  +8r 67e
  20250216-usa-fg-a-d.standard.pdf              FG 2025-02-16  +8r 77e
  20250217-usa-fg-a-d.standard.pdf              FG 2025-02-17  +9r 75e
  20250220-usa-fg-a-d.standard.pdf              FG 2025-02-20  +10r 82e
  20250221-usa-fg-a-d.standard.pdf              FG 2025-02-21  +8r 69e
  20250222-usa-fg-a-d.standard.pdf              FG 2025-02-22  +9r 72e
  20250223-usa-fg-a-d.standard.pdf              FG 2025-02-23  +8r 60e
  20250227-usa-fg-a-d.standard.pdf              FG 2025-02-27  +9r 81e
  20250228-usa-fg-a-d.standard.pdf              FG 2025-02-28  +8r 68e
  20250301-usa-fg-a-d.standard.pdf              FG 2025-03-01  +10r 76e
  20250303-usa-fg-a-d.standard.pdf              FG 2025-03-03  +8r 65e
  20250304-usa-fg-a-d.standard.pdf              FG 2025-03-04  +9r 79e
  20250306-usa-fg-a-d.standard.pdf              FG 2025-03-06  +10r 94e
  20250307-usa-fg-a-d.standard.pdf              FG 2025-03-07  +8r 68e
  20250308-usa-fg-a-d.standard.pdf              FG 2025-03-08  +9r 64e
  20250309-usa-fg-a-d.standard.pdf              FG 2025-03-09  +8r 66e
  20250312-usa-fg-a-d.standard.pdf              FG 2025-03-12  +8r 74e
  20250313-usa-fg-a-d.standard.pdf              FG 2025-03-13  +10r 83e
  20250314-usa-fg-a-d.standard.pdf              FG 2025-03-14  +9r 78e
  20250315-usa-fg-a-d.standard.pdf              FG 2025-03-15  +9r 0e
  20250316-usa-fg-a-d.standard.pdf              FG 2025-03-16  +8r 60e
  20250318-usa-fg-a-d.standard.pdf              FG 2025-03-18  +9r 72e
  20250319-usa-fg-a-d.standard.pdf              FG 2025-03-19  +8r 65e
  20250320-usa-fg-a-d.standard.pdf              FG 2025-03-20  +9r 81e
  20250321-usa-fg-a-d.standard.pdf              FG 2025-03-21  +9r 78e
  20250322-usa-fg-a-d.standard.pdf              FG 2025-03-22  +12r 118e
  20250323-usa-fg-a-d.standard.pdf              FG 2025-03-23  +12r 106e
  20251120-usa-fg-a-d.standard.pdf              FG 2025-11-20  +9r 81e
  20251121-usa-fg-a-d.standard.pdf              FG 2025-11-21  +9r 80e
  20251122-usa-fg-a-d.standard.pdf              FG 2025-11-22  +9r 82e
  20251127-usa-fg-a-d.standard.pdf              FG 2025-11-27  +10r 87e
  20251128-usa-fg-a-d.standard.pdf              FG 2025-11-28  +9r 71e
  20251129-usa-fg-a-d.standard.pdf              FG 2025-11-29  +9r 82e
  20251204-usa-fg-a-d.standard.pdf              FG 2025-12-04  +9r 65e
  20251205-usa-fg-a-d.standard.pdf              FG 2025-12-05  +8r 0e
  20251206-usa-fg-a-d.standard.pdf              FG 2025-12-06  +9r 52e
  20251207-usa-fg-a-d.standard.pdf              FG 2025-12-07  +8r 54e
  20251211-usa-fg-a-d.standard.pdf              FG 2025-12-11  +9r 77e
  20251212-usa-fg-a-d.standard.pdf              FG 2025-12-12  +8r 62e
  20251213-usa-fg-a-d.standard.pdf              FG 2025-12-13  +12r 91e
  20251214-usa-fg-a-d.standard.pdf              FG 2025-12-14  +8r 69e
  20251218-usa-fg-a-d.standard.pdf              FG 2025-12-18  +9r 72e
  20251219-usa-fg-a-d.standard.pdf              FG 2025-12-19  +8r 71e
  20251220-usa-fg-a-d.standard.pdf              FG 2025-12-20  +12r 106e
  20251221-usa-fg-a-d.standard.pdf              FG 2025-12-21  +8r 62e
  20251226-usa-fg-a-d.standard.pdf              FG 2025-12-26  +10r 82e
  20251227-usa-fg-a-d.standard.pdf              FG 2025-12-27  +11r 90e
  20251228-usa-fg-a-d.standard.pdf              FG 2025-12-28  +8r 63e
  20260101-usa-fg-a-d.standard.pdf              FG 2026-01-01  +9r 73e
  20260102-usa-fg-a-d.standard.pdf              FG 2026-01-02  +8r 57e
  20260103-usa-fg-a-d.standard.pdf              FG 2026-01-03  +9r 72e
  20260104-usa-fg-a-d.standard.pdf              FG 2026-01-04  +8r 64e
  20260108-usa-fg-a-d.standard.pdf              FG 2026-01-08  +10r 83e
  20260109-usa-fg-a-d.standard.pdf              FG 2026-01-09  +8r 65e
  20260110-usa-fg-a-d.standard.pdf              FG 2026-01-10  +9r 66e
  20260111-usa-fg-a-d.standard.pdf              FG 2026-01-11  +8r 59e
  20260115-usa-fg-a-d.standard.pdf              FG 2026-01-15  +9r 74e
  20260116-usa-fg-a-d.standard.pdf              FG 2026-01-16  +8r 70e
  20260117-usa-fg-a-d.standard.pdf              FG 2026-01-17  +13r 122e
  20260118-usa-fg-a-d.standard.pdf              FG 2026-01-18  +8r 69e
  20260119-usa-fg-a-d.standard.pdf              FG 2026-01-19  +9r 79e
  20260122-usa-fg-a-d.standard.pdf              FG 2026-01-22  +9r 65e
  20260123-usa-fg-a-d.standard.pdf              FG 2026-01-23  +8r 70e
  20260124-usa-fg-a-d.standard.pdf              FG 2026-01-24  +9r 72e
  20260125-usa-fg-a-d.standard.pdf              FG 2026-01-25  +8r 50e
  20260129-usa-fg-a-d.standard.pdf              FG 2026-01-29  +9r 66e
  20260130-usa-fg-a-d.standard.pdf              FG 2026-01-30  +8r 62e
  20260131-usa-fg-a-d.standard.pdf              FG 2026-01-31  +9r 72e
  20260201-usa-fg-a-d.standard.pdf              FG 2026-02-01  +8r 61e
  20260205-usa-fg-a-d.standard.pdf              FG 2026-02-05  +9r 65e
  20260206-usa-fg-a-d.standard.pdf              FG 2026-02-06  +8r 56e
  20260207-usa-fg-a-d.standard.pdf              FG 2026-02-07  +9r 64e
  20260212-usa-fg-a-d.standard.pdf              FG 2026-02-12  +9r 67e
  20260213-usa-fg-a-d.standard.pdf              FG 2026-02-13  +8r 61e
  20260214-usa-fg-a-d.standard.pdf              FG 2026-02-14  +12r 105e
  20260216-usa-fg-a-d.standard.pdf              FG 2026-02-16  +8r 63e
  20260217-usa-fg-a-d.standard.pdf              FG 2026-02-17  +9r 70e
  20260219-usa-fg-a-d.standard.pdf              FG 2026-02-19  +9r 74e
  20260220-usa-fg-a-d.standard.pdf              FG 2026-02-20  +8r 68e
  20260221-usa-fg-a-d.standard.pdf              FG 2026-02-21  +9r 68e
  20260222-usa-fg-a-d.standard.pdf              FG 2026-02-22  +8r 68e
  20260226-usa-fg-a-d.standard.pdf              FG 2026-02-26  +9r 71e
  20260227-usa-fg-a-d.standard.pdf              FG 2026-02-27  +8r 58e
  20260228-usa-fg-a-d.standard.pdf              FG 2026-02-28  +9r 70e
  20260301-usa-fg-a-d.standard.pdf              FG 2026-03-01  +8r 57e
  20260305-usa-fg-a-d.standard.pdf              FG 2026-03-05  +9r 79e
  20260306-usa-fg-a-d.standard.pdf              FG 2026-03-06  +9r 70e
  20260307-usa-fg-a-d.standard.pdf              FG 2026-03-07  +10r 83e
  20260308-usa-fg-a-d.standard.pdf              FG 2026-03-08  +8r 60e
  20260309-usa-fg-a-d.standard.pdf              FG 2026-03-09  +9r 74e
  20260312-usa-fg-a-d.standard.pdf              FG 2026-03-12  +9r 70e
  20260313-usa-fg-a-d.standard.pdf              FG 2026-03-13  +9r 68e
  20260314-usa-fg-a-d.standard.pdf              FG 2026-03-14  +10r 87e
  20260315-usa-fg-a-d.standard.pdf              FG 2026-03-15  +8r 65e
  20260316-usa-fg-a-d.standard.pdf              FG 2026-03-16  +9r 69e
  20260319-usa-fg-a-d.standard.pdf              FG 2026-03-19  +11r 76e
  20260320-usa-fg-a-d.standard.pdf              FG 2026-03-20  +9r 76e
  20260321-usa-fg-a-d.standard.pdf              FG 2026-03-21  +14r 121e
  20260322-usa-fg-a-d.standard.pdf              FG 2026-03-22  +13r 96e
TOTALS Fair Grounds {"races": 3653, "entries": 27246, "exotics": 17715, "purged_entries": 0, "cards": 401, "errors": 1}
  20220507-usa-lad-a-d.standard.pdf             LAD 2022-05-07  +7r 43e
  20220508-usa-lad-a-d.standard.pdf             LAD 2022-05-08  +7r 51e
  20220509-usa-lad-a-d.standard.pdf             LAD 2022-05-09  +7r 47e
  20220510-usa-lad-a-d.standard.pdf             LAD 2022-05-10  +7r 46e
  20220514-usa-lad-a-d.standard.pdf             LAD 2022-05-14  +7r 50e
  20220515-usa-lad-a-d.standard.pdf             LAD 2022-05-15  +7r 50e
  20220516-usa-lad-a-d.standard.pdf             LAD 2022-05-16  +7r 47e
  20220517-usa-lad-a-d.standard.pdf             LAD 2022-05-17  +7r 49e
  20220521-usa-lad-a-d.standard.pdf             LAD 2022-05-21  +7r 44e
  20220522-usa-lad-a-d.standard.pdf             LAD 2022-05-22  +7r 42e
  20220523-usa-lad-a-d.standard.pdf             LAD 2022-05-23  +7r 43e
  20220524-usa-lad-a-d.standard.pdf             LAD 2022-05-24  +7r 37e
  20220528-usa-lad-a-d.standard.pdf             LAD 2022-05-28  +7r 40e
  20220529-usa-lad-a-d.standard.pdf             LAD 2022-05-29  +7r 46e
  20220530-usa-lad-a-d.standard.pdf             LAD 2022-05-30  +7r 47e
  20220531-usa-lad-a-d.standard.pdf             LAD 2022-05-31  +7r 57e
  20220604-usa-lad-a-d.standard.pdf             LAD 2022-06-04  +7r 51e
  20220605-usa-lad-a-d.standard.pdf             LAD 2022-06-05  +7r 52e
  20220606-usa-lad-a-d.standard.pdf             LAD 2022-06-06  +7r 46e
  20220607-usa-lad-a-d.standard.pdf             LAD 2022-06-07  +7r 48e
  20220611-usa-lad-a-d.standard.pdf             LAD 2022-06-11  +7r 39e
  20220612-usa-lad-a-d.standard.pdf             LAD 2022-06-12  +7r 43e
  20220613-usa-lad-a-d.standard.pdf             LAD 2022-06-13  +7r 45e
  20220614-usa-lad-a-d.standard.pdf             LAD 2022-06-14  +7r 49e
  20220618-usa-lad-a-d.standard.pdf             LAD 2022-06-18  +7r 45e
  20220619-usa-lad-a-d.standard.pdf             LAD 2022-06-19  +7r 41e
  20220620-usa-lad-a-d.standard.pdf             LAD 2022-06-20  +7r 45e
  20220621-usa-lad-a-d.standard.pdf             LAD 2022-06-21  +7r 44e
  20220625-usa-lad-a-d.standard.pdf             LAD 2022-06-25  +7r 44e
  20220626-usa-lad-a-d.standard.pdf             LAD 2022-06-26  +7r 46e
  20220627-usa-lad-a-d.standard.pdf             LAD 2022-06-27  +7r 52e
  20220628-usa-lad-a-d.standard.pdf             LAD 2022-06-28  +7r 49e
  20220702-usa-lad-a-d.standard.pdf             LAD 2022-07-02  +7r 44e
  20220703-usa-lad-a-d.standard.pdf             LAD 2022-07-03  +7r 41e
  20220704-usa-lad-a-d.standard.pdf             LAD 2022-07-04  +7r 46e
  20220705-usa-lad-a-d.standard.pdf             LAD 2022-07-05  +7r 48e
  20220709-usa-lad-a-d.standard.pdf             LAD 2022-07-09  +7r 44e
  20220710-usa-lad-a-d.standard.pdf             LAD 2022-07-10  +7r 43e
  20220711-usa-lad-a-d.standard.pdf             LAD 2022-07-11  +7r 46e
  20220712-usa-lad-a-d.standard.pdf             LAD 2022-07-12  +7r 46e
  20220716-usa-lad-a-d.standard.pdf             LAD 2022-07-16  +7r 45e
  20220717-usa-lad-a-d.standard.pdf             LAD 2022-07-17  +7r 43e
  20220718-usa-lad-a-d.standard.pdf             LAD 2022-07-18  +7r 51e
  20220719-usa-lad-a-d.standard.pdf             LAD 2022-07-19  +7r 42e
  20220723-usa-lad-a-d.standard.pdf             LAD 2022-07-23  +7r 48e
  20220724-usa-lad-a-d.standard.pdf             LAD 2022-07-24  +7r 43e
  20220725-usa-lad-a-d.standard.pdf             LAD 2022-07-25  +7r 44e
  20220726-usa-lad-a-d.standard.pdf             LAD 2022-07-26  +7r 46e
  20220730-usa-lad-a-d.standard.pdf             LAD 2022-07-30  +7r 33e
  20220731-usa-lad-a-d.standard.pdf             LAD 2022-07-31  +7r 48e
  20220801-usa-lad-a-d.standard.pdf             LAD 2022-08-01  +7r 47e
  20220802-usa-lad-a-d.standard.pdf             LAD 2022-08-02  +7r 45e
  20220806-usa-lad-a-d.standard.pdf             LAD 2022-08-06  +7r 64e
  20220807-usa-lad-a-d.standard.pdf             LAD 2022-08-07  +7r 41e
  20220808-usa-lad-a-d.standard.pdf             LAD 2022-08-08  +7r 52e
  20220809-usa-lad-a-d.standard.pdf             LAD 2022-08-09  +7r 42e
  20220813-usa-lad-a-d.standard.pdf             LAD 2022-08-13  +7r 45e
  20220814-usa-lad-a-d.standard.pdf             LAD 2022-08-14  +7r 56e
  20220815-usa-lad-a-d.standard.pdf             LAD 2022-08-15  +7r 48e
  20220816-usa-lad-a-d.standard.pdf             LAD 2022-08-16  +7r 52e
  20220820-usa-lad-a-d.standard.pdf             LAD 2022-08-20  +7r 38e
  20220821-usa-lad-a-d.standard.pdf             LAD 2022-08-21  +7r 50e
  20220822-usa-lad-a-d.standard.pdf             LAD 2022-08-22  +7r 0e
  20220823-usa-lad-a-d.standard.pdf             LAD 2022-08-23  +7r 0e
  20220827-usa-lad-a-d.standard.pdf             LAD 2022-08-27  +7r 44e
  20220828-usa-lad-a-d.standard.pdf             LAD 2022-08-28  +7r 42e
  20220829-usa-lad-a-d.standard.pdf             LAD 2022-08-29  +7r 50e
  20220830-usa-lad-a-d.standard.pdf             LAD 2022-08-30  +7r 45e
  20220903-usa-lad-a-d.standard.pdf             LAD 2022-09-03  +7r 56e
  20220904-usa-lad-a-d.standard.pdf             LAD 2022-09-04  +7r 61e
  20220905-usa-lad-a-d.standard.pdf             LAD 2022-09-05  +7r 52e
  20220906-usa-lad-a-d.standard.pdf             LAD 2022-09-06  +7r 53e
  20220910-usa-lad-a-d.standard.pdf             LAD 2022-09-10  +7r 48e
  20220911-usa-lad-a-d.standard.pdf             LAD 2022-09-11  +7r 61e
  20220912-usa-lad-a-d.standard.pdf             LAD 2022-09-12  +7r 51e
  20220913-usa-lad-a-d.standard.pdf             LAD 2022-09-13  +7r 51e
  20220917-usa-lad-a-d.standard.pdf             LAD 2022-09-17  +7r 51e
  20220918-usa-lad-a-d.standard.pdf             LAD 2022-09-18  +7r 54e
  20220919-usa-lad-a-d.standard.pdf             LAD 2022-09-19  +7r 60e
  20220920-usa-lad-a-d.standard.pdf             LAD 2022-09-20  +7r 54e
  20220924-usa-lad-a-d.standard.pdf             LAD 2022-09-24  +8r 58e
  20220925-usa-lad-a-d.standard.pdf             LAD 2022-09-25  +7r 55e
  20220926-usa-lad-a-d.standard.pdf             LAD 2022-09-26  +7r 64e
  20220927-usa-lad-a-d.standard.pdf             LAD 2022-09-27  +9r 81e
  20230506-usa-lad-a-d.standard.pdf             LAD 2023-05-06  +7r 46e
  20230507-usa-lad-a-d.standard.pdf             LAD 2023-05-07  +8r 59e
  20230508-usa-lad-a-d.standard.pdf             LAD 2023-05-08  +7r 44e
  20230513-usa-lad-a-d.standard.pdf             LAD 2023-05-13  +8r 51e
  20230514-usa-lad-a-d.standard.pdf             LAD 2023-05-14  +8r 53e
  20230515-usa-lad-a-d.standard.pdf             LAD 2023-05-15  +7r 45e
  20230520-usa-lad-a-d.standard.pdf             LAD 2023-05-20  +8r 50e
  20230521-usa-lad-a-d.standard.pdf             LAD 2023-05-21  +8r 62e
  20230522-usa-lad-a-d.standard.pdf             LAD 2023-05-22  +8r 58e
  20230527-usa-lad-a-d.standard.pdf             LAD 2023-05-27  +8r 59e
  20230528-usa-lad-a-d.standard.pdf             LAD 2023-05-28  +8r 54e
  20230529-usa-lad-a-d.standard.pdf             LAD 2023-05-29  +8r 59e
  20230530-usa-lad-a-d.standard.pdf             LAD 2023-05-30  +8r 56e
  20230603-usa-lad-a-d.standard.pdf             LAD 2023-06-03  +8r 45e
  20230604-usa-lad-a-d.standard.pdf             LAD 2023-06-04  +8r 56e
  20230605-usa-lad-a-d.standard.pdf             LAD 2023-06-05  +8r 57e
  20230610-usa-lad-a-d.standard.pdf             LAD 2023-06-10  +8r 49e
  20230611-usa-lad-a-d.standard.pdf             LAD 2023-06-11  +8r 54e
  20230612-usa-lad-a-d.standard.pdf             LAD 2023-06-12  +8r 65e
  20230617-usa-lad-a-d.standard.pdf             LAD 2023-06-17  +8r 60e
  20230618-usa-lad-a-d.standard.pdf             LAD 2023-06-18  +8r 59e
  20230619-usa-lad-a-d.standard.pdf             LAD 2023-06-19  +8r 67e
  20230624-usa-lad-a-d.standard.pdf             LAD 2023-06-24  +8r 56e
  20230625-usa-lad-a-d.standard.pdf             LAD 2023-06-25  +8r 65e
  20230626-usa-lad-a-d.standard.pdf             LAD 2023-06-26  +8r 49e
  20230701-usa-lad-a-d.standard.pdf             LAD 2023-07-01  +7r 59e
  20230702-usa-lad-a-d.standard.pdf             LAD 2023-07-02  +7r 49e
  20230703-usa-lad-a-d.standard.pdf             LAD 2023-07-03  +7r 49e
  20230704-usa-lad-a-d.standard.pdf             LAD 2023-07-04  +7r 49e
  20230708-usa-lad-a-d.standard.pdf             LAD 2023-07-08  +7r 56e
  20230709-usa-lad-a-d.standard.pdf             LAD 2023-07-09  +7r 58e
  20230710-usa-lad-a-d.standard.pdf             LAD 2023-07-10  +7r 51e
  20230716-usa-lad-a-d.standard.pdf             LAD 2023-07-16  +7r 0e
  20230717-usa-lad-a-d.standard.pdf             LAD 2023-07-17  +7r 58e
  20230722-usa-lad-a-d.standard.pdf             LAD 2023-07-22  +7r 50e
  20230723-usa-lad-a-d.standard.pdf             LAD 2023-07-23  +7r 62e
  20230724-usa-lad-a-d.standard.pdf             LAD 2023-07-24  +7r 56e
  20230729-usa-lad-a-d.standard.pdf             LAD 2023-07-29  +8r 68e
  20230730-usa-lad-a-d.standard.pdf             LAD 2023-07-30  +8r 75e
  20230731-usa-lad-a-d.standard.pdf             LAD 2023-07-31  +8r 75e
  20230805-usa-lad-a-d.standard.pdf             LAD 2023-08-05  +9r 92e
  20230806-usa-lad-a-d.standard.pdf             LAD 2023-08-06  +8r 71e
  20230807-usa-lad-a-d.standard.pdf             LAD 2023-08-07  +8r 62e
  20230812-usa-lad-a-d.standard.pdf             LAD 2023-08-12  +8r 72e
  20230813-usa-lad-a-d.standard.pdf             LAD 2023-08-13  +7r 56e
  20230814-usa-lad-a-d.standard.pdf             LAD 2023-08-14  +7r 63e
  20230819-usa-lad-a-d.standard.pdf             LAD 2023-08-19  +7r 66e
  20230820-usa-lad-a-d.standard.pdf             LAD 2023-08-20  +7r 69e
  20230821-usa-lad-a-d.standard.pdf             LAD 2023-08-21  +7r 75e
  20230826-usa-lad-a-d.standard.pdf             LAD 2023-08-26  +7r 66e
  20230827-usa-lad-a-d.standard.pdf             LAD 2023-08-27  +7r 61e
  20230828-usa-lad-a-d.standard.pdf             LAD 2023-08-28  +7r 62e
  20230829-usa-lad-a-d.standard.pdf             LAD 2023-08-29  +7r 62e
  20230902-usa-lad-a-d.standard.pdf             LAD 2023-09-02  +8r 76e
  20230903-usa-lad-a-d.standard.pdf             LAD 2023-09-03  +7r 72e
  20230904-usa-lad-a-d.standard.pdf             LAD 2023-09-04  +7r 60e
  20230905-usa-lad-a-d.standard.pdf             LAD 2023-09-05  +7r 61e
  20230909-usa-lad-a-d.standard.pdf             LAD 2023-09-09  +7r 68e
  20230910-usa-lad-a-d.standard.pdf             LAD 2023-09-10  +7r 63e
  20230911-usa-lad-a-d.standard.pdf             LAD 2023-09-11  +8r 79e
  20230912-usa-lad-a-d.standard.pdf             LAD 2023-09-12  +8r 84e
  20240504-usa-lad-a-d.standard.pdf             LAD 2024-05-04  +7r 45e
  20240506-usa-lad-a-d.standard.pdf             LAD 2024-05-06  +7r 43e
  20240507-usa-lad-a-d.standard.pdf             LAD 2024-05-07  +7r 44e
  20240508-usa-lad-a-d.standard.pdf             LAD 2024-05-08  +7r 41e
  20240513-usa-lad-a-d.standard.pdf             LAD 2024-05-13  +7r 40e
  20240514-usa-lad-a-d.standard.pdf             LAD 2024-05-14  +7r 48e
  20240515-usa-lad-a-d.standard.pdf             LAD 2024-05-15  +7r 44e
  20240518-usa-lad-a-d.standard.pdf             LAD 2024-05-18  +7r 44e
  20240520-usa-lad-a-d.standard.pdf             LAD 2024-05-20  +7r 44e
  20240521-usa-lad-a-d.standard.pdf             LAD 2024-05-21  +7r 52e
  20240522-usa-lad-a-d.standard.pdf             LAD 2024-05-22  +7r 45e
  20240527-usa-lad-a-d.standard.pdf             LAD 2024-05-27  +7r 53e
  20240528-usa-lad-a-d.standard.pdf             LAD 2024-05-28  +7r 49e
  20240529-usa-lad-a-d.standard.pdf             LAD 2024-05-29  +7r 52e
  20240603-usa-lad-a-d.standard.pdf             LAD 2024-06-03  +7r 46e
  20240604-usa-lad-a-d.standard.pdf             LAD 2024-06-04  +7r 45e
  20240605-usa-lad-a-d.standard.pdf             LAD 2024-06-05  +7r 50e
  20240608-usa-lad-a-d.standard.pdf             LAD 2024-06-08  +7r 43e
  20240610-usa-lad-a-d.standard.pdf             LAD 2024-06-10  +7r 49e
  20240611-usa-lad-a-d.standard.pdf             LAD 2024-06-11  +7r 55e
  20240612-usa-lad-a-d.standard.pdf             LAD 2024-06-12  +7r 46e
  20240617-usa-lad-a-d.standard.pdf             LAD 2024-06-17  +7r 53e
  20240618-usa-lad-a-d.standard.pdf             LAD 2024-06-18  +7r 49e
  20240619-usa-lad-a-d.standard.pdf             LAD 2024-06-19  +7r 46e
  20240624-usa-lad-a-d.standard.pdf             LAD 2024-06-24  +7r 47e
  20240625-usa-lad-a-d.standard.pdf             LAD 2024-06-25  +7r 50e
  20240626-usa-lad-a-d.standard.pdf             LAD 2024-06-26  +7r 44e
  20240701-usa-lad-a-d.standard.pdf             LAD 2024-07-01  +7r 53e
  20240702-usa-lad-a-d.standard.pdf             LAD 2024-07-02  +7r 46e
  20240703-usa-lad-a-d.standard.pdf             LAD 2024-07-03  +7r 47e
  20240704-usa-lad-a-d.standard.pdf             LAD 2024-07-04  +8r 50e
  20240708-usa-lad-a-d.standard.pdf             LAD 2024-07-08  +7r 0e
  20240709-usa-lad-a-d.standard.pdf             LAD 2024-07-09  +7r 47e
  20240710-usa-lad-a-d.standard.pdf             LAD 2024-07-10  +7r 40e
  20240715-usa-lad-a-d.standard.pdf             LAD 2024-07-15  +7r 42e
  20240716-usa-lad-a-d.standard.pdf             LAD 2024-07-16  +7r 53e
  20240717-usa-lad-a-d.standard.pdf             LAD 2024-07-17  +7r 48e
  20240722-usa-lad-a-d.standard.pdf             LAD 2024-07-22  +7r 6e
  20240723-usa-lad-a-d.standard.pdf             LAD 2024-07-23  +7r 47e
  20240724-usa-lad-a-d.standard.pdf             LAD 2024-07-24  +7r 38e
  20240729-usa-lad-a-d.standard.pdf             LAD 2024-07-29  +7r 55e
  20240730-usa-lad-a-d.standard.pdf             LAD 2024-07-30  +7r 49e
  20240731-usa-lad-a-d.standard.pdf             LAD 2024-07-31  +7r 55e
  20240805-usa-lad-a-d.standard.pdf             LAD 2024-08-05  +7r 53e
  20240806-usa-lad-a-d.standard.pdf             LAD 2024-08-06  +7r 53e
  20240807-usa-lad-a-d.standard.pdf             LAD 2024-08-07  +7r 53e
  20240812-usa-lad-a-d.standard.pdf             LAD 2024-08-12  +7r 55e
  20240813-usa-lad-a-d.standard.pdf             LAD 2024-08-13  +7r 54e
  20240814-usa-lad-a-d.standard.pdf             LAD 2024-08-14  +7r 55e
  20240819-usa-lad-a-d.standard.pdf             LAD 2024-08-19  +7r 53e
  20240820-usa-lad-a-d.standard.pdf             LAD 2024-08-20  +7r 49e
  20240821-usa-lad-a-d.standard.pdf             LAD 2024-08-21  +7r 49e
  20240826-usa-lad-a-d.standard.pdf             LAD 2024-08-26  +7r 61e
  20240827-usa-lad-a-d.standard.pdf             LAD 2024-08-27  +7r 57e
  20240828-usa-lad-a-d.standard.pdf             LAD 2024-08-28  +7r 60e
  20240831-usa-lad-a-d.standard.pdf             LAD 2024-08-31  +8r 70e
  20240902-usa-lad-a-d.standard.pdf             LAD 2024-09-02  +7r 47e
  20240903-usa-lad-a-d.standard.pdf             LAD 2024-09-03  +7r 57e
  20240904-usa-lad-a-d.standard.pdf             LAD 2024-09-04  +7r 59e
  20240909-usa-lad-a-d.standard.pdf             LAD 2024-09-09  +7r 64e
  20240910-usa-lad-a-d.standard.pdf             LAD 2024-09-10  +7r 56e
  20240911-usa-lad-a-d.standard.pdf             LAD 2024-09-11  +7r 48e
  20240914-usa-lad-a-d.standard.pdf             LAD 2024-09-14  +9r 76e
  20240916-usa-lad-a-d.standard.pdf             LAD 2024-09-16  +7r 62e
  20240917-usa-lad-a-d.standard.pdf             LAD 2024-09-17  +7r 50e
  20240918-usa-lad-a-d.standard.pdf             LAD 2024-09-18  +7r 53e
  20240923-usa-lad-a-d.standard.pdf             LAD 2024-09-23  +7r 61e
  20240924-usa-lad-a-d.standard.pdf             LAD 2024-09-24  +7r 71e
  20240925-usa-lad-a-d.standard.pdf             LAD 2024-09-25  +8r 57e
  20240926-usa-lad-a-d.standard.pdf             LAD 2024-09-26  +9r 84e
  20250503-usa-lad-a-d.standard.pdf             LAD 2025-05-03  +7r 40e
  20250505-usa-lad-a-d.standard.pdf             LAD 2025-05-05  +7r 46e
  20250506-usa-lad-a-d.standard.pdf             LAD 2025-05-06  +7r 0e
  20250511-usa-lad-a-d.standard.pdf             LAD 2025-05-11  +7r 38e
  20250512-usa-lad-a-d.standard.pdf             LAD 2025-05-12  +7r 39e
  20250513-usa-lad-a-d.standard.pdf             LAD 2025-05-13  +7r 36e
  20250517-usa-lad-a-d.standard.pdf             LAD 2025-05-17  +7r 48e
  20250519-usa-lad-a-d.standard.pdf             LAD 2025-05-19  +7r 52e
  20250520-usa-lad-a-d.standard.pdf             LAD 2025-05-20  +7r 49e
  20250525-usa-lad-a-d.standard.pdf             LAD 2025-05-25  +7r 56e
  20250526-usa-lad-a-d.standard.pdf             LAD 2025-05-26  +7r 44e
  20250527-usa-lad-a-d.standard.pdf             LAD 2025-05-27  +7r 41e
  20250601-usa-lad-a-d.standard.pdf             LAD 2025-06-01  +7r 41e
  20250602-usa-lad-a-d.standard.pdf             LAD 2025-06-02  +7r 49e
  20250603-usa-lad-a-d.standard.pdf             LAD 2025-06-03  +7r 43e
  20250607-usa-lad-a-d.standard.pdf             LAD 2025-06-07  +7r 44e
  20250609-usa-lad-a-d.standard.pdf             LAD 2025-06-09  +7r 43e
  20250610-usa-lad-a-d.standard.pdf             LAD 2025-06-10  +7r 48e
  20250615-usa-lad-a-d.standard.pdf             LAD 2025-06-15  +7r 44e
  20250616-usa-lad-a-d.standard.pdf             LAD 2025-06-16  +7r 45e
  20250617-usa-lad-a-d.standard.pdf             LAD 2025-06-17  +7r 44e
  20250622-usa-lad-a-d.standard.pdf             LAD 2025-06-22  +7r 49e
  20250623-usa-lad-a-d.standard.pdf             LAD 2025-06-23  +7r 46e
  20250624-usa-lad-a-d.standard.pdf             LAD 2025-06-24  +7r 52e
  20250629-usa-lad-a-d.standard.pdf             LAD 2025-06-29  +7r 45e
  20250630-usa-lad-a-d.standard.pdf             LAD 2025-06-30  +7r 44e
  20250701-usa-lad-a-d.standard.pdf             LAD 2025-07-01  +7r 40e
  20250704-usa-lad-a-d.standard.pdf             LAD 2025-07-04  +7r 40e
  20250705-usa-lad-a-d.standard.pdf             LAD 2025-07-05  +7r 30e
  20250714-usa-lad-a-d.standard.pdf             LAD 2025-07-14  +7r 45e
  20250715-usa-lad-a-d.standard.pdf             LAD 2025-07-15  +7r 46e
  20250716-usa-lad-a-d.standard.pdf             LAD 2025-07-16  +7r 44e
  20250721-usa-lad-a-d.standard.pdf             LAD 2025-07-21  +7r 58e
  20250722-usa-lad-a-d.standard.pdf             LAD 2025-07-22  +7r 54e
  20250723-usa-lad-a-d.standard.pdf             LAD 2025-07-23  +7r 46e
  20250728-usa-lad-a-d.standard.pdf             LAD 2025-07-28  +6r 48e
  20250729-usa-lad-a-d.standard.pdf             LAD 2025-07-29  +7r 50e
  20250730-usa-lad-a-d.standard.pdf             LAD 2025-07-30  +7r 49e
  20250804-usa-lad-a-d.standard.pdf             LAD 2025-08-04  +7r 44e
  20250805-usa-lad-a-d.standard.pdf             LAD 2025-08-05  +7r 46e
  20250806-usa-lad-a-d.standard.pdf             LAD 2025-08-06  +7r 46e
  20250811-usa-lad-a-d.standard.pdf             LAD 2025-08-11  +7r 50e
  20250812-usa-lad-a-d.standard.pdf             LAD 2025-08-12  +7r 43e
  20250813-usa-lad-a-d.standard.pdf             LAD 2025-08-13  +7r 45e
  20250818-usa-lad-a-d.standard.pdf             LAD 2025-08-18  +7r 53e
  20250819-usa-lad-a-d.standard.pdf             LAD 2025-08-19  +7r 54e
  20250820-usa-lad-a-d.standard.pdf             LAD 2025-08-20  +7r 39e
  20250825-usa-lad-a-d.standard.pdf             LAD 2025-08-25  +7r 46e
  20250826-usa-lad-a-d.standard.pdf             LAD 2025-08-26  +7r 42e
  20250827-usa-lad-a-d.standard.pdf             LAD 2025-08-27  +7r 44e
  20250830-usa-lad-a-d.standard.pdf             LAD 2025-08-30  +8r 62e
  20250901-usa-lad-a-d.standard.pdf             LAD 2025-09-01  +7r 43e
  20250902-usa-lad-a-d.standard.pdf             LAD 2025-09-02  +7r 62e
  20250906-usa-lad-a-d.standard.pdf             LAD 2025-09-06  +8r 60e
  20250908-usa-lad-a-d.standard.pdf             LAD 2025-09-08  +7r 46e
  20250909-usa-lad-a-d.standard.pdf             LAD 2025-09-09  +7r 55e
  20250910-usa-lad-a-d.standard.pdf             LAD 2025-09-10  +7r 53e
  20250915-usa-lad-a-d.standard.pdf             LAD 2025-09-15  +7r 56e
  20250916-usa-lad-a-d.standard.pdf             LAD 2025-09-16  +7r 61e
  20250917-usa-lad-a-d.standard.pdf             LAD 2025-09-17  +7r 58e
  20250922-usa-lad-a-d.standard.pdf             LAD 2025-09-22  +7r 64e
  20250923-usa-lad-a-d.standard.pdf             LAD 2025-09-23  +9r 80e
  20260502-usa-lad-a-d.standard.pdf             LAD 2026-05-02  +7r 42e
  20260504-usa-lad-a-d.standard.pdf             LAD 2026-05-04  +7r 44e
  20260505-usa-lad-a-d.standard.pdf             LAD 2026-05-05  +7r 48e
  20260511-usa-lad-a-d.standard.pdf             LAD 2026-05-11  +7r 46e
  20260512-usa-lad-a-d.standard.pdf             LAD 2026-05-12  +7r 45e
  20260516-usa-lad-a-d.standard.pdf             LAD 2026-05-16  +7r 40e
  20260518-usa-lad-a-d.standard.pdf             LAD 2026-05-18  +7r 46e
  20260519-usa-lad-a-d.standard.pdf             LAD 2026-05-19  +7r 5e
  20260525-usa-lad-a-d.standard.pdf             LAD 2026-05-25  +7r 47e
  20260526-usa-lad-a-d.standard.pdf             LAD 2026-05-26  +7r 49e
  20260601-usa-lad-a-d.standard.pdf             LAD 2026-06-01  +7r 52e
  20260602-usa-lad-a-d.standard.pdf             LAD 2026-06-02  +7r 48e
  20260606-usa-lad-a-d.standard.pdf             LAD 2026-06-06  +7r 40e
  20260608-usa-lad-a-d.standard.pdf             LAD 2026-06-08  +7r 52e
  20260609-usa-lad-a-d.standard.pdf             LAD 2026-06-09  +7r 44e
  20260615-usa-lad-a-d.standard.pdf             LAD 2026-06-15  +7r 46e
  20260616-usa-lad-a-d.standard.pdf             LAD 2026-06-16  +7r 49e
  20260622-usa-lad-a-d.standard.pdf             LAD 2026-06-22  +7r 49e
  20260623-usa-lad-a-d.standard.pdf             LAD 2026-06-23  +7r 50e
  20260624-usa-lad-a-d.standard.pdf             LAD 2026-06-24  +7r 44e
  20260629-usa-lad-a-d.standard.pdf             LAD 2026-06-29  +7r 48e
  20260630-usa-lad-a-d.standard.pdf             LAD 2026-06-30  +7r 45e
  20260703-usa-lad-a-d.standard.pdf             LAD 2026-07-03  +7r 42e
  20260720-usa-lad-a-d.standard.pdf             LAD 2026-07-20  +7r 55e
  20260721-usa-lad-a-d.standard.pdf             LAD 2026-07-21  +7r 53e
  20260722-usa-lad-a-d.standard.pdf             LAD 2026-07-22  +7r 56e
  20260727-usa-lad-a-d.standard.pdf             LAD 2026-07-27  +7r 45e
  20260728-usa-lad-a-d.standard.pdf             LAD 2026-07-28  +7r 41e
  20260729-usa-lad-a-d.standard.pdf             LAD 2026-07-29  +7r 41e
  20260803-usa-lad-a-d.standard.pdf             LAD 2026-08-03  +7r 48e
  20260804-usa-lad-a-d.standard.pdf             LAD 2026-08-04  +7r 51e
  20260805-usa-lad-a-d.standard.pdf             LAD 2026-08-05  +7r 42e
  20260810-usa-lad-a-d.standard.pdf             LAD 2026-08-10  +7r 44e
  20260811-usa-lad-a-d.standard.pdf             LAD 2026-08-11  +7r 39e
  20260812-usa-lad-a-d.standard.pdf             LAD 2026-08-12  +7r 46e
  20260817-usa-lad-a-d.standard.pdf             LAD 2026-08-17  +7r 0e
  20260818-usa-lad-a-d.standard.pdf             LAD 2026-08-18  +7r 0e
  20260819-usa-lad-a-d.standard.pdf             LAD 2026-08-19  +7r 0e
  20260824-usa-lad-a-d.standard.pdf             LAD 2026-08-24  +7r 47e
  20260825-usa-lad-a-d.standard.pdf             LAD 2026-08-25  +7r 48e
  20260826-usa-lad-a-d.standard.pdf             LAD 2026-08-26  +7r 48e
  20260902-usa-lad-a-d.standard.pdf             LAD 2026-09-02  +7r 44e
  20260907-usa-lad-a-d.standard.pdf             LAD 2026-09-07  +7r 44e
  20260908-usa-lad-a-d.standard.pdf             LAD 2026-09-08  +7r 46e
  20260909-usa-lad-a-d.standard.pdf             LAD 2026-09-09  +7r 40e
  20260912-usa-lad-a-d.standard.pdf             LAD 2026-09-12  +8r 51e
  20260914-usa-lad-a-d.standard.pdf             LAD 2026-09-14  +7r 44e
  20260915-usa-lad-a-d.standard.pdf             LAD 2026-09-15  +7r 52e
  20260916-usa-lad-a-d.standard.pdf             LAD 2026-09-16  +7r 51e
TOTALS Louisiana Downs {"races": 2329, "entries": 16118, "exotics": 10949, "purged_entries": 0, "cards": 326, "errors": 0}
